
> centro-frontend@0.0.0 prebuild
> node set-env.js

[set-env.js] Updated /Volumes/DevDrive/Proyectos/Aigel/ecosistema-centro-libanes/centro-frontend/src/environments/environment.ts with API_URL: /api
[set-env.js] Updated /Volumes/DevDrive/Proyectos/Aigel/ecosistema-centro-libanes/centro-frontend/src/environments/environment.prod.ts with API_URL: /api

> centro-frontend@0.0.0 build
> ng build

❯ Building...
